2026-09-13 02:18:39.504 [info] Reading sessions from keychain...
2026-09-13 02:18:39.517 [info] Getting sessions for all scopes...
2026-09-13 02:18:39.520 [info] Got 0 sessions for all scopes...
2026-09-13 02:18:39.520 [info] Getting sessions for all scopes...
2026-09-13 02:18:39.520 [info] Got 0 sessions for all scopes...
2026-09-13 02:18:39.520 [info] Getting sessions for all scopes...
2026-09-13 02:18:39.520 [info] Got 0 sessions for all scopes...
2026-09-13 02:18:39.523 [info] Getting sessions for all scopes...
2026-09-13 02:18:39.523 [info] Got 0 sessions for all scopes...
2026-09-13 02:18:39.552 [info] Getting sessions for all scopes...
2026-09-13 02:18:39.552 [info] Got 0 sessions for all scopes...
2026-09-13 02:18:39.645 [info] Getting sessions for read:user,user:email...
2026-09-13 02:18:39.645 [info] Got 0 sessions for read:user,user:email...
2026-09-13 02:18:39.654 [info] Getting sessions for all scopes...
2026-09-13 02:18:39.654 [info] Got 0 sessions for all scopes...
2026-09-13 02:18:39.656 [info] Getting sessions for repo...
2026-09-13 02:18:39.656 [info] Got 0 sessions for repo...
2026-09-13 02:18:39.657 [info] Getting sessions for all scopes...
2026-09-13 02:18:39.657 [info] Got 0 sessions for all scopes...
2026-09-13 02:18:41.534 [info] Getting sessions for all scopes...
2026-09-13 02:18:41.535 [info] Got 0 sessions for all scopes...
