2026-09-09 17:49:26 Loaded main app package /usr/lib/obsidian/obsidian.asar
2026-09-09 17:49:27 Checking for update using Github
2026-09-09 17:49:27 Success.
2026-09-09 17:49:27 Latest version is 1.13.7
2026-09-09 17:49:27 App is up to date.
2026-09-10 15:08:21 Loaded main app package /usr/lib/obsidian/obsidian.asar
2026-09-10 15:08:21 Checking for update using Github
2026-09-10 15:08:21 Success.
2026-09-10 15:08:21 Latest version is 1.13.7
2026-09-10 15:08:21 App is up to date.
2026-09-10 16:08:21 Checking for update using Github
2026-09-10 16:08:21 Success.
2026-09-10 16:08:21 Latest version is 1.13.7
2026-09-10 16:08:21 App is up to date.
2026-09-10 17:19:24 Loaded main app package /usr/lib/obsidian/obsidian.asar
2026-09-10 17:19:24 Checking for update using Github
2026-09-10 17:19:24 Success.
2026-09-10 17:19:24 Latest version is 1.13.7
2026-09-10 17:19:24 App is up to date.
2026-09-10 18:19:24 Checking for update using Github
2026-09-10 18:19:24 Success.
2026-09-10 18:19:24 Latest version is 1.13.7
2026-09-10 18:19:24 App is up to date.
2026-09-11 04:32:05 Loaded main app package /usr/lib/obsidian/obsidian.asar
2026-09-11 04:32:05 Checking for update using Github
2026-09-11 04:32:05 Success.
2026-09-11 04:32:05 Latest version is 1.13.7
2026-09-11 04:32:05 App is up to date.
2026-09-11 11:51:10 Checking for update using Github
2026-09-11 11:51:10 Success.
2026-09-11 11:51:10 Latest version is 1.13.7
2026-09-11 11:51:10 App is up to date.
2026-09-11 12:51:09 Checking for update using Github
2026-09-11 12:51:09 Success.
2026-09-11 12:51:09 Latest version is 1.13.7
2026-09-11 12:51:09 App is up to date.
2026-09-11 14:57:33 Checking for update using Github
2026-09-11 14:57:33 Success.
2026-09-11 14:57:33 Latest version is 1.13.7
2026-09-11 14:57:33 App is up to date.
2026-09-11 16:07:53 Checking for update using Github
2026-09-11 16:07:53 Success.
2026-09-11 16:07:53 Latest version is 1.13.7
2026-09-11 16:07:53 App is up to date.
2026-09-11 17:00:48 Loaded main app package /usr/lib/obsidian/obsidian.asar
2026-09-11 17:00:48 Checking for update using Github
2026-09-11 17:00:48 Success.
2026-09-11 17:00:48 Latest version is 1.13.7
2026-09-11 17:00:48 App is up to date.
2026-09-11 17:00:53 Loaded main app package /usr/lib/obsidian/obsidian.asar
2026-09-11 17:00:53 Checking for update using Github
2026-09-11 17:00:53 Success.
2026-09-11 17:00:53 Latest version is 1.13.7
2026-09-11 17:00:53 App is up to date.
2026-09-11 19:19:51 Loaded main app package /usr/lib/obsidian/obsidian.asar
2026-09-11 19:19:51 Checking for update using Github
2026-09-11 19:19:51 Success.
2026-09-11 19:19:51 Latest version is 1.13.7
2026-09-11 19:19:51 App is up to date.
2026-09-11 19:20:40 Loaded main app package /usr/lib/obsidian/obsidian.asar
2026-09-11 19:20:40 Checking for update using Github
2026-09-11 19:20:40 Success.
2026-09-11 19:20:40 Latest version is 1.13.7
2026-09-11 19:20:40 App is up to date.
2026-09-13 20:46:47 Loaded main app package /usr/lib/obsidian/obsidian.asar
2026-09-13 20:46:47 Checking for update using Github
2026-09-13 20:46:47 Success.
2026-09-13 20:46:47 Latest version is 1.13.7
2026-09-13 20:46:47 App is up to date.
2026-09-14 01:26:44 Loaded main app package /usr/lib/obsidian/obsidian.asar
2026-09-14 01:26:44 Checking for update using Github
2026-09-14 01:26:44 Success.
2026-09-14 01:26:44 Latest version is 1.13.7
2026-09-14 01:26:44 App is up to date.
