2026-09-10 19:47:34.662 [info] Reading sessions from keychain...
2026-09-10 19:47:34.662 [info] Getting sessions for all scopes...
2026-09-10 19:47:34.662 [info] Got 0 sessions for all scopes...
2026-09-10 19:47:34.662 [info] Getting sessions for all scopes...
2026-09-10 19:47:34.662 [info] Got 0 sessions for all scopes...
2026-09-10 19:47:34.662 [info] Getting sessions for all scopes...
2026-09-10 19:47:34.662 [info] Got 0 sessions for all scopes...
2026-09-10 19:47:34.665 [info] Getting sessions for all scopes...
2026-09-10 19:47:34.665 [info] Got 0 sessions for all scopes...
2026-09-10 19:47:34.681 [info] Getting sessions for all scopes...
2026-09-10 19:47:34.681 [info] Got 0 sessions for all scopes...
2026-09-10 19:47:34.692 [info] Getting sessions for read:user,user:email...
2026-09-10 19:47:34.692 [info] Got 0 sessions for read:user,user:email...
2026-09-10 19:47:34.732 [info] Getting sessions for all scopes...
2026-09-10 19:47:34.732 [info] Got 0 sessions for all scopes...
2026-09-10 19:47:34.758 [info] Getting sessions for repo...
2026-09-10 19:47:34.758 [info] Got 0 sessions for repo...
2026-09-10 19:47:34.758 [info] Getting sessions for all scopes...
2026-09-10 19:47:34.758 [info] Got 0 sessions for all scopes...
2026-09-10 19:47:34.780 [info] Getting sessions for read:user,user:email...
2026-09-10 19:47:34.780 [info] Got 0 sessions for read:user,user:email...
2026-09-10 19:47:34.780 [info] Getting sessions for read:user,user:email...
2026-09-10 19:47:34.780 [info] Got 0 sessions for read:user,user:email...
2026-09-10 19:47:34.780 [info] Getting sessions for read:user,user:email...
2026-09-10 19:47:34.780 [info] Got 0 sessions for read:user,user:email...
2026-09-10 19:47:34.780 [info] Getting sessions for read:user,user:email...
2026-09-10 19:47:34.780 [info] Got 0 sessions for read:user,user:email...
2026-09-10 19:47:34.781 [info] Getting sessions for read:user,user:email...
2026-09-10 19:47:34.781 [info] Got 0 sessions for read:user,user:email...
2026-09-10 19:47:34.781 [info] Getting sessions for read:user,user:email...
2026-09-10 19:47:34.781 [info] Got 0 sessions for read:user,user:email...
2026-09-10 19:47:34.781 [info] Getting sessions for read:user,user:email...
2026-09-10 19:47:34.782 [info] Got 0 sessions for read:user,user:email...
2026-09-10 19:47:34.782 [info] Getting sessions for read:user,user:email...
2026-09-10 19:47:34.782 [info] Got 0 sessions for read:user,user:email...
2026-09-10 19:47:34.782 [info] Getting sessions for read:user,user:email...
2026-09-10 19:47:34.782 [info] Got 0 sessions for read:user,user:email...
2026-09-10 19:47:34.782 [info] Getting sessions for read:user,user:email...
2026-09-10 19:47:34.782 [info] Got 0 sessions for read:user,user:email...
2026-09-10 19:47:34.782 [info] Getting sessions for read:user,user:email...
2026-09-10 19:47:34.782 [info] Got 0 sessions for read:user,user:email...
2026-09-10 19:47:34.783 [info] Getting sessions for read:user,user:email...
2026-09-10 19:47:34.783 [info] Got 0 sessions for read:user,user:email...
2026-09-10 19:47:34.783 [info] Getting sessions for all scopes...
2026-09-10 19:47:34.783 [info] Got 0 sessions for all scopes...
2026-09-10 19:47:34.783 [info] Getting sessions for all scopes...
2026-09-10 19:47:34.783 [info] Got 0 sessions for all scopes...
2026-09-10 19:47:34.783 [info] Getting sessions for all scopes...
2026-09-10 19:47:34.783 [info] Got 0 sessions for all scopes...
2026-09-10 19:47:34.784 [info] Getting sessions for all scopes...
2026-09-10 19:47:34.784 [info] Got 0 sessions for all scopes...
2026-09-10 19:47:34.784 [info] Getting sessions for all scopes...
2026-09-10 19:47:34.784 [info] Got 0 sessions for all scopes...
2026-09-10 19:47:34.784 [info] Getting sessions for all scopes...
2026-09-10 19:47:34.784 [info] Got 0 sessions for all scopes...
2026-09-10 19:47:34.784 [info] Getting sessions for all scopes...
2026-09-10 19:47:34.784 [info] Got 0 sessions for all scopes...
2026-09-10 19:47:34.784 [info] Getting sessions for all scopes...
2026-09-10 19:47:34.784 [info] Got 0 sessions for all scopes...
2026-09-10 19:47:34.784 [info] Getting sessions for all scopes...
2026-09-10 19:47:34.784 [info] Got 0 sessions for all scopes...
2026-09-10 19:47:34.784 [info] Getting sessions for all scopes...
2026-09-10 19:47:34.784 [info] Got 0 sessions for all scopes...
2026-09-10 19:47:34.784 [info] Getting sessions for all scopes...
2026-09-10 19:47:34.784 [info] Got 0 sessions for all scopes...
2026-09-10 19:47:34.784 [info] Getting sessions for all scopes...
2026-09-10 19:47:34.784 [info] Got 0 sessions for all scopes...
2026-09-10 19:47:34.785 [info] Getting sessions for repo...
2026-09-10 19:47:34.785 [info] Got 0 sessions for repo...
2026-09-10 19:47:34.787 [info] Getting sessions for repo...
2026-09-10 19:47:34.787 [info] Got 0 sessions for repo...
2026-09-10 19:47:34.787 [info] Getting sessions for repo...
2026-09-10 19:47:34.787 [info] Got 0 sessions for repo...
2026-09-10 19:47:34.787 [info] Getting sessions for repo...
2026-09-10 19:47:34.787 [info] Got 0 sessions for repo...
2026-09-10 19:47:34.789 [info] Getting sessions for repo...
2026-09-10 19:47:34.789 [info] Got 0 sessions for repo...
2026-09-10 19:47:34.789 [info] Getting sessions for repo...
2026-09-10 19:47:34.789 [info] Got 0 sessions for repo...
2026-09-10 19:47:34.789 [info] Getting sessions for repo...
2026-09-10 19:47:34.789 [info] Got 0 sessions for repo...
2026-09-10 19:47:34.790 [info] Getting sessions for repo...
2026-09-10 19:47:34.790 [info] Got 0 sessions for repo...
2026-09-10 19:47:34.790 [info] Getting sessions for repo...
2026-09-10 19:47:34.790 [info] Got 0 sessions for repo...
2026-09-10 19:47:34.790 [info] Getting sessions for repo...
2026-09-10 19:47:34.790 [info] Got 0 sessions for repo...
2026-09-10 19:47:34.791 [info] Getting sessions for repo...
2026-09-10 19:47:34.791 [info] Got 0 sessions for repo...
2026-09-10 19:47:34.791 [info] Getting sessions for repo...
2026-09-10 19:47:34.791 [info] Got 0 sessions for repo...
2026-09-10 19:47:34.791 [info] Getting sessions for all scopes...
2026-09-10 19:47:34.791 [info] Got 0 sessions for all scopes...
2026-09-10 19:47:34.792 [info] Getting sessions for all scopes...
2026-09-10 19:47:34.792 [info] Got 0 sessions for all scopes...
2026-09-10 19:47:34.793 [info] Getting sessions for all scopes...
2026-09-10 19:47:34.793 [info] Got 0 sessions for all scopes...
2026-09-10 19:47:34.793 [info] Getting sessions for all scopes...
2026-09-10 19:47:34.793 [info] Got 0 sessions for all scopes...
2026-09-10 19:47:34.793 [info] Getting sessions for all scopes...
2026-09-10 19:47:34.793 [info] Got 0 sessions for all scopes...
2026-09-10 19:47:34.793 [info] Getting sessions for all scopes...
2026-09-10 19:47:34.793 [info] Got 0 sessions for all scopes...
2026-09-10 19:47:34.793 [info] Getting sessions for all scopes...
2026-09-10 19:47:34.793 [info] Got 0 sessions for all scopes...
2026-09-10 19:47:34.794 [info] Getting sessions for all scopes...
2026-09-10 19:47:34.794 [info] Got 0 sessions for all scopes...
2026-09-10 19:47:34.794 [info] Getting sessions for all scopes...
2026-09-10 19:47:34.794 [info] Got 0 sessions for all scopes...
2026-09-10 19:47:34.794 [info] Getting sessions for all scopes...
2026-09-10 19:47:34.794 [info] Got 0 sessions for all scopes...
2026-09-10 19:47:34.794 [info] Getting sessions for all scopes...
2026-09-10 19:47:34.794 [info] Got 0 sessions for all scopes...
2026-09-10 19:47:34.806 [info] Getting sessions for all scopes...
2026-09-10 19:47:34.806 [info] Got 0 sessions for all scopes...
2026-09-10 19:47:36.730 [info] Getting sessions for all scopes...
2026-09-10 19:47:36.730 [info] Got 0 sessions for all scopes...
