2026-09-13 09:40:31.922 [info] [main] Log level: Info
2026-09-13 09:40:31.922 [info] [main] Validating found git in: "git"
2026-09-13 09:40:31.922 [info] [main] Using git "2.55.0" from "git"
2026-09-13 09:40:31.922 [info] [Model][doInitialScan] Initial repository scan started
2026-09-13 09:40:31.922 [info] > git rev-parse --show-toplevel [5ms]
2026-09-13 09:40:31.922 [info] fatal: not a git repository (or any of the parent directories): .git
2026-09-13 09:40:31.922 [info] > git rev-parse --show-toplevel [12ms]
2026-09-13 09:40:31.922 [info] fatal: not a git repository (or any of the parent directories): .git
2026-09-13 09:40:31.923 [info] [Model][doInitialScan] Initial repository scan completed - repositories (0), closed repositories (0), parent repositories (0), unsafe repositories (0)
2026-09-13 09:40:31.929 [info] > git rev-parse --show-toplevel [1ms]
2026-09-13 09:40:31.929 [info] fatal: not a git repository (or any of the parent directories): .git
2026-09-13 09:40:31.940 [info] > git rev-parse --show-toplevel [0ms]
2026-09-13 09:40:31.940 [info] fatal: not a git repository (or any of the parent directories): .git
2026-09-13 09:40:31.992 [info] > git rev-parse --show-toplevel [5ms]
2026-09-13 09:40:31.992 [info] fatal: not a git repository (or any of the parent directories): .git
2026-09-13 09:40:31.996 [info] > git rev-parse --show-toplevel [0ms]
2026-09-13 09:40:31.996 [info] fatal: not a git repository (or any of the parent directories): .git
2026-09-13 09:40:32.073 [info] > git rev-parse --show-toplevel [1ms]
2026-09-13 09:40:32.073 [info] fatal: not a git repository (or any of the parent directories): .git
2026-09-13 09:40:32.152 [info] > git rev-parse --show-toplevel [1ms]
2026-09-13 09:40:32.152 [info] fatal: not a git repository (or any of the parent directories): .git
2026-09-13 09:40:32.175 [info] > git rev-parse --show-toplevel [1ms]
2026-09-13 09:40:32.175 [info] fatal: not a git repository (or any of the parent directories): .git
2026-09-13 09:40:32.924 [info] > git rev-parse --show-toplevel [1ms]
2026-09-13 09:40:32.924 [info] fatal: not a git repository (or any of the parent directories): .git
2026-09-13 09:40:33.684 [info] > git rev-parse --show-toplevel [1ms]
2026-09-13 09:40:33.684 [info] fatal: not a git repository (or any of the parent directories): .git
